// Jest Snapshot v1, https://goo.gl/fbAQLP

exports[`App.tsx tests should render App.tsx, and have two elements inside 1`] = `
Array [
  <header
    className="MuiPaper-root MuiPaper-elevation MuiPaper-elevation4 MuiAppBar-root MuiAppBar-colorPrimary MuiAppBar-positionStatic makeStyles-navBar-1 css-hip9hq-MuiPaper-root-MuiAppBar-root"
  >
    <div
      className="MuiToolbar-root MuiToolbar-gutters MuiToolbar-regular css-1t29gy6-MuiToolbar-root"
    >
      <h4
        className="MuiTypography-root MuiTypography-h4 makeStyles-title-2 css-5lbw0b-MuiTypography-root"
      >
        Countries
      </h4>
      <a
        href="/"
        onClick={[Function]}
        style={
          Object {
            "marginRight": 50,
            "textDecoration": "none",
          }
        }
      >
        <button
          aria-selected={true}
          className="MuiButton-root MuiButton-text MuiButton-textPrimary MuiButton-sizeMedium MuiButton-textSizeMedium MuiButtonBase-root  css-11gc9ze-MuiButtonBase-root-MuiButton-root"
          disabled={false}
          onBlur={[Function]}
          onContextMenu={[Function]}
          onDragLeave={[Function]}
          onFocus={[Function]}
          onKeyDown={[Function]}
          onKeyUp={[Function]}
          onMouseDown={[Function]}
          onMouseLeave={[Function]}
          onMouseUp={[Function]}
          onTouchEnd={[Function]}
          onTouchMove={[Function]}
          onTouchStart={[Function]}
          tabIndex={0}
          type="button"
        >
          Countries Table
        </button>
      </a>
      <a
        href="/lang-table"
        onClick={[Function]}
        style={
          Object {
            "marginRight": 50,
            "textDecoration": "none",
          }
        }
      >
        <button
          aria-selected={true}
          className="MuiButton-root MuiButton-text MuiButton-textPrimary MuiButton-sizeMedium MuiButton-textSizeMedium MuiButtonBase-root  css-11gc9ze-MuiButtonBase-root-MuiButton-root"
          disabled={false}
          onBlur={[Function]}
          onContextMenu={[Function]}
          onDragLeave={[Function]}
          onFocus={[Function]}
          onKeyDown={[Function]}
          onKeyUp={[Function]}
          onMouseDown={[Function]}
          onMouseLeave={[Function]}
          onMouseUp={[Function]}
          onTouchEnd={[Function]}
          onTouchMove={[Function]}
          onTouchStart={[Function]}
          tabIndex={0}
          type="button"
        >
          Languages Table
        </button>
      </a>
      <div
        className="MuiBox-root css-ece9u5"
      >
        <div
          className="MuiFormControl-root MuiFormControl-fullWidth css-i6wma6-MuiFormControl-root"
        >
          <label
            className="MuiInputLabel-root MuiInputLabel-formControl MuiInputLabel-animated MuiInputLabel-filled MuiFormLabel-root MuiFormLabel-colorPrimary css-e4w4as-MuiFormLabel-root-MuiInputLabel-root"
            data-shrink={false}
            id="demo-simple-select-label"
          >
            Sort by...
          </label>
          <div
            className="MuiFilledInput-root MuiFilledInput-underline MuiInputBase-root MuiInputBase-colorPrimary MuiInputBase-formControl css-cio0x1-MuiInputBase-root-MuiFilledInput-root"
            onClick={[Function]}
          >
            <div
              aria-expanded="false"
              aria-haspopup="listbox"
              aria-labelledby="demo-simple-select-label demo-simple-select"
              className="MuiSelect-select MuiSelect-filled MuiFilledInput-input MuiInputBase-input css-d9oaum-MuiSelect-select-MuiInputBase-input-MuiFilledInput-input"
              id="demo-simple-select"
              onBlur={[Function]}
              onFocus={[Function]}
              onKeyDown={[Function]}
              onMouseDown={[Function]}
              role="button"
              tabIndex={0}
            >
              <span
                className="notranslate"
                dangerouslySetInnerHTML={
                  Object {
                    "__html": "&#8203;",
                  }
                }
              />
            </div>
            <input
              aria-hidden={true}
              className="MuiSelect-nativeInput css-yf8vq0-MuiSelect-nativeInput"
              disabled={false}
              onAnimationStart={[Function]}
              onChange={[Function]}
              required={false}
              tabIndex={-1}
              value=""
            />
            <svg
              aria-hidden={true}
              className="MuiSvgIcon-root MuiSvgIcon-fontSizeMedium MuiSelect-icon MuiSelect-iconFilled css-hfutr2-MuiSvgIcon-root-MuiSelect-icon"
              data-testid="ArrowDropDownIcon"
              focusable="false"
              viewBox="0 0 24 24"
            >
              <path
                d="M7 10l5 5 5-5z"
              />
            </svg>
          </div>
        </div>
      </div>
    </div>
  </header>,
  <div
    className="MuiBox-root css-tvxkav"
  >
    <div
      className="MuiBox-root css-1d60z6w"
    >
      <span
        className="MuiCircularProgress-root MuiCircularProgress-indeterminate MuiCircularProgress-colorPrimary css-18lrjg1-MuiCircularProgress-root"
        role="progressbar"
        style={
          Object {
            "height": 40,
            "width": 40,
          }
        }
      >
        <svg
          className="MuiCircularProgress-svg css-1idz92c-MuiCircularProgress-svg"
          viewBox="22 22 44 44"
        >
          <circle
            className="MuiCircularProgress-circle MuiCircularProgress-circleIndeterminate css-176wh8e-MuiCircularProgress-circle"
            cx={44}
            cy={44}
            fill="none"
            r={20.2}
            strokeWidth={3.6}
            style={Object {}}
          />
        </svg>
      </span>
    </div>
  </div>,
]
`;
